ContentType (MimeType {mimeType = "multipart", mimeSubtype = "mixed", mimeParams = fromList [("boundary","BOUNDARY")]})
OptionalField "MIME-Version" " 1.0"
Subject "A subject"
To [NameAddr {nameAddr_name = Nothing, nameAddr_addr = "aperson@dom.ain"}]
From [NameAddr {nameAddr_name = Nothing, nameAddr_addr = "bperson@dom.ain"}]

MultipartMixed:
  text/plain:
    
    
  
  
