OptionalField "MIME-Version" " 1.0"
ContentType (MimeType {mimeType = "text", mimeSubtype = "html", mimeParams = fromList [("boundary","--961284236552522269")]})

text/html:
  ----961284236552522269
  Content-Type: text/html;
  Content-Transfer-Encoding: 7Bit
  
  <html></html>
  
  ----961284236552522269--

