From [NameAddr {nameAddr_name = Nothing, nameAddr_addr = "aperson@dom.ain"}]
To [NameAddr {nameAddr_name = Nothing, nameAddr_addr = "bperson@dom.ain"}]
Subject "Test"
ContentType (MimeType {mimeType = "multipart", mimeSubtype = "mixed", mimeParams = fromList [("boundary","BOUNDARY")]})

MultipartMixed:
  text/plain:
    One
  
  
  text/plain:
    Two
  
  
