OptionalField "Delivered-To" " freebsd-isp@freebsd.org"
Date (CalendarTime {ctYear = 2000, ctMonth = September, ctDay = 26, ctHour = 12, ctMin = 23, ctSec = 3, ctPicosec = 0, ctWDay = Tuesday, ctYDay = 0, ctTZName = "", ctTZ = -18000, ctIsDST = False})
From [NameAddr {nameAddr_name = Just "Anne Person", nameAddr_addr = "aperson@example.com"}]
To [NameAddr {nameAddr_name = Just "Barney Dude", nameAddr_addr = "bdude@example.com"}]
Subject "Re: Limiting Perl CPU Utilization..."
OptionalField "Mime-Version" " 1.0"
OptionalField "Content-Type" " text/plain; charset*=ansi-x3.4-1968''us-ascii"
ContentDisposition inline
OptionalField "User-Agent" " Mutt/1.3.8i"
Sender (NameAddr {nameAddr_name = Nothing, nameAddr_addr = "owner-freebsd-isp@FreeBSD.ORG"})
OptionalField "Precedence" " bulk"
OptionalField "X-Loop" " FreeBSD.org"

text/plain:
  Some message.

