From [NameAddr {nameAddr_name = Nothing, nameAddr_addr = "aperson@dom.ain"}]
To [NameAddr {nameAddr_name = Nothing, nameAddr_addr = "bperson@dom.ain"}]
ContentType (MimeType {mimeType = "multipart", mimeSubtype = "digest", mimeParams = fromList [("boundary","XYZ")]})

MultipartMixed:
  text/plain:
    
    This is a text plain part that is counter to recommended practice in
    RFC 2046, $5.1.5, but is not illegal
    
  
  
  text/plain:
    
    From: cperson@dom.ain
    To: dperson@dom.ain
    
    A submessage
    
  
  
