OptionalField "Mime-Version" " 1.0"
MessageID (MsgID {getMsgID = "a05001902b7f1c33773e9@[134.84.183.138]"})
Date (CalendarTime {ctYear = 2001, ctMonth = October, ctDay = 16, ctHour = 13, ctMin = 59, ctSec = 25, ctPicosec = 0, ctWDay = Tuesday, ctYDay = 0, ctTZName = "", ctTZ = 10800, ctIsDST = False})
To [NameAddr {nameAddr_name = Nothing, nameAddr_addr = "a@example.com"}]
From [NameAddr {nameAddr_name = Nothing, nameAddr_addr = "b@example.com"}]
ContentType (MimeType {mimeType = "multipart", mimeSubtype = "mixed", mimeParams = fromList [("boundary","============_-1208892523==_============")]})

MultipartMixed:
  text/plain:
    Text text text.
  
  
  image/jpeg: (binary)
  
  image/jpeg: (binary)
  
  text/plain:
    Text text text.
  
  
