OptionalField "Mime-Version" " 1.0"
ContentType (MimeType {mimeType = "multipart", mimeSubtype = "mixed", mimeParams = fromList [("Boundary","NextPart")]})
To []
From [NameAddr {nameAddr_name = Nothing, nameAddr_addr = "Internet-Drafts@ietf.org"}]
Subject "I-D ACTION:draft-ietf-mboned-mix-00.txt"
Date (CalendarTime {ctYear = 1998, ctMonth = December, ctDay = 22, ctHour = 16, ctMin = 55, ctSec = 6, ctPicosec = 0, ctWDay = Tuesday, ctYDay = 0, ctTZName = "", ctTZ = -18000, ctIsDST = False})

MultipartMixed:
  text/plain:
    
    Blah blah blah
    
  
  
  MultipartAlternative:
    message/external-body: (binary)
    
    message/external-body: (binary)
    
  
