ReturnPath "<xx@xx.dk>"
Received ([("from","fepD.post.tele.dk"),("by","mail.groupcare.dk"),("with","SMTP"),("id","0.0014F8A2@mail.groupcare.dk")],CalendarTime {ctYear = 2001, ctMonth = April, ctDay = 30, ctHour = 12, ctMin = 17, ctSec = 50, ctPicosec = 0, ctWDay = Monday, ctYDay = 0, ctTZName = "", ctTZ = 7200, ctIsDST = False})
OptionalField "User-Agent" " Microsoft-Outlook-Express-Macintosh-Edition/5.02.2106"
Subject "XX"
From [NameAddr {nameAddr_name = Nothing, nameAddr_addr = "xx@xx.dk"}]
OptionalField "To" " XX"
OptionalField "Message-ID" " <xxxx>"
OptionalField "Mime-version" " 1.0"
ContentType (MimeType {mimeType = "multipart", mimeSubtype = "mixed", mimeParams = fromList [("boundary","MS_Mac_OE_3071477847_720252_MIME_Part")]})

MultipartMixed:
  MultipartAlternative:
    text/plain:
      Some removed test. 
      
    
    
    text/html:
      <HTML>
      <HEAD>
      <TITLE>Some removed HTML</TITLE>
      </HEAD>
      <BODY>
      Some removed text.
      </BODY>
      </HTML>
      
      
    
    
  
  image/gif: (binary)
  
