ReturnPath "<barry@python.org>"
OptionalField "Delivered-To" " barry@python.org"
Received ([("by","mail.python.org"),("id","C2BF0D37C6")],CalendarTime {ctYear = 2001, ctMonth = September, ctDay = 11, ctHour = 0, ctMin = 5, ctSec = 5, ctPicosec = 0, ctWDay = Tuesday, ctYDay = 0, ctTZName = "", ctTZ = -14400, ctIsDST = False})
OptionalField "MIME-Version" " 1.0"
ContentType (MimeType {mimeType = "multipart", mimeSubtype = "mixed", mimeParams = fromList [("boundary","h90VIIIKmx")]})
ContentTransferEncoding EightBit
MessageID (MsgID {getMsgID = "15261.36209.358846.118674@anthem.python.org"})
From [NameAddr {nameAddr_name = Nothing, nameAddr_addr = "barry@python.org"}]
To [NameAddr {nameAddr_name = Nothing, nameAddr_addr = "barry@python.org"}]
Subject "a simple multipart"
Date (CalendarTime {ctYear = 2001, ctMonth = September, ctDay = 11, ctHour = 0, ctMin = 5, ctSec = 5, ctPicosec = 0, ctWDay = Tuesday, ctYDay = 0, ctTZName = "", ctTZ = -14400, ctIsDST = False})
OptionalField "X-Mailer" " VM 6.95 under 21.4 (patch 4) \"Artificial Intelligence\" XEmacs Lucid"
OptionalField "X-Attribution" " BAW"
OptionalField "X-Oblique-Strategy" " Make a door into a window"

MultipartMixed:
  text/plain:
    a simple kind of mirror
    to reflect upon our own
    
  
  
  text/plain:
    a simple kind of mirror
    to reflect upon our own
    
  
  
