ReturnPath "<>"
OptionalField "Delivered-To" " scr-admin@socal-raves.org"
Received ([("from","cougar.noc.ucla.edu"),("by","babylon.socal-raves.org"),("with","ESMTP"),("id","CCC2C51B84"),("for","scr-admin@socal-raves.org")],CalendarTime {ctYear = 2001, ctMonth = September, ctDay = 23, ctHour = 20, ctMin = 13, ctSec = 54, ctPicosec = 0, ctWDay = Sunday, ctYDay = 0, ctTZName = "", ctTZ = -25200, ctIsDST = False})
Received ([("from","sims-ms-daemon"),("by","cougar.noc.ucla.edu"),("id","0GK500B01D0B8Y@cougar.noc.ucla.edu"),("for","scr-admin@socal-raves.org")],CalendarTime {ctYear = 2001, ctMonth = September, ctDay = 23, ctHour = 20, ctMin = 14, ctSec = 35, ctPicosec = 0, ctWDay = Sunday, ctYDay = 0, ctTZName = "", ctTZ = -25200, ctIsDST = False})
Received ([("from","cougar.noc.ucla.edu"),("id","0GK500B01D0B8X@cougar.noc.ucla.edu")],CalendarTime {ctYear = 2001, ctMonth = September, ctDay = 23, ctHour = 20, ctMin = 14, ctSec = 35, ctPicosec = 0, ctWDay = Sunday, ctYDay = 0, ctTZName = "", ctTZ = -25200, ctIsDST = False})
Date (CalendarTime {ctYear = 2001, ctMonth = September, ctDay = 23, ctHour = 20, ctMin = 14, ctSec = 35, ctPicosec = 0, ctWDay = Sunday, ctYDay = 0, ctTZName = "", ctTZ = -25200, ctIsDST = False})
From [NameAddr {nameAddr_name = Just "Internet Mail Delivery", nameAddr_addr = "postmaster@ucla.edu"}]
Subject "Delivery Notification: Delivery has failed"
To [NameAddr {nameAddr_name = Nothing, nameAddr_addr = "scr-admin@socal-raves.org"}]
MessageID (MsgID {getMsgID = "0GK500B04D0B8X@cougar.noc.ucla.edu"})
OptionalField "MIME-version" " 1.0"
Sender (NameAddr {nameAddr_name = Nothing, nameAddr_addr = "scr-owner@socal-raves.org"})
OptionalField "Errors-To" " scr-owner@socal-raves.org"
OptionalField "X-BeenThere" " scr@socal-raves.org"
OptionalField "X-Mailman-Version" " 2.1a3"
OptionalField "Precedence" " bulk"
OptionalField "List-Help" " <mailto:scr-request@socal-raves.org?subject=help>"
OptionalField "List-Post" " <mailto:scr@socal-raves.org>"
OptionalField "List-Subscribe" " <http://socal-raves.org/mailman/listinfo/scr>, <mailto:scr-request@socal-raves.org?subject=subscribe>"
OptionalField "List-Id" " SoCal-Raves <scr.socal-raves.org>"
OptionalField "List-Unsubscribe" " <http://socal-raves.org/mailman/listinfo/scr>, <mailto:scr-request@socal-raves.org?subject=unsubscribe>"
OptionalField "List-Archive" " <http://socal-raves.org/mailman/private/scr/>"
ContentType (MimeType {mimeType = "multipart", mimeSubtype = "report", mimeParams = fromList [("boundary","Boundary_(ID_PGS2F2a+z+/jL7hupKgRhA)")]})

MultipartMixed:
  text/plain:
    This report relates to a message you sent with the following header fields:
    
      Message-id: <002001c144a6$8752e060$56104586@oxy.edu>
      Date: Sun, 23 Sep 2001 20:10:55 -0700
      From: "Ian T. Henry" <henryi@oxy.edu>
      To: SoCal Raves <scr@socal-raves.org>
      Subject: [scr] yeah for Ians!!
    
    Your message cannot be delivered to the following recipients:
    
      Recipient address: jangel1@cougar.noc.ucla.edu
      Reason: recipient reached disk quota
    
    
  
  
  message/delivery-status: (binary)
  
  message/rfc822: (binary)
  
