ContentType (MimeType {mimeType = "text", mimeSubtype = "plain", mimeParams = fromList [("charset","us-ascii")]})
OptionalField "MIME-Version" " 1.0"
ContentTransferEncoding EightBit
OptionalField "X-Foobar-Spoink-Defrobnit" " wasnipoop; giraffes=\"very-long-necked-animals\"; spooge=\"yummy\"; hippos=\"gargantuan\"; marshmallows=\"gooey\""

text/plain:

