OptionalField "MIME-version" " 1.0"
From [NameAddr {nameAddr_name = Nothing, nameAddr_addr = "ppp-request@zzz.org"}]
Sender (NameAddr {nameAddr_name = Nothing, nameAddr_addr = "ppp-admin@zzz.org"})
To [NameAddr {nameAddr_name = Nothing, nameAddr_addr = "ppp@zzz.org"}]
Subject "Ppp digest, Vol 1 #2 - 5 msgs"
Date (CalendarTime {ctYear = 2001, ctMonth = April, ctDay = 20, ctHour = 20, ctMin = 18, ctSec = 0, ctPicosec = 0, ctWDay = Friday, ctYDay = 0, ctTZName = "", ctTZ = -14400, ctIsDST = False})
OptionalField "X-Mailer" " Mailman v2.0.4"
OptionalField "X-Mailman-Version" " 2.0.4"
ContentType (MimeType {mimeType = "multipart", mimeSubtype = "mixed", mimeParams = fromList [("boundary","192.168.1.2.889.32614.987812255.500.21814")]})

MultipartMixed:
  text/plain:
    Send Ppp mailing list submissions to
    	ppp@zzz.org
    
    To subscribe or unsubscribe via the World Wide Web, visit
    	http://www.zzz.org/mailman/listinfo/ppp
    or, via email, send a message with subject or body 'help' to
    	ppp-request@zzz.org
    
    You can reach the person managing the list at
    	ppp-admin@zzz.org
    
    When replying, please edit your Subject line so it is more specific
    than "Re: Contents of Ppp digest..."
    
    
  
  
  text/plain:
    Today's Topics:
    
       1. testing #1 (Barry A. Warsaw)
       2. testing #2 (Barry A. Warsaw)
       3. testing #3 (Barry A. Warsaw)
       4. testing #4 (Barry A. Warsaw)
       5. testing #5 (Barry A. Warsaw)
    
  
  
  MultipartMixed:
    text/plain:
      
      Message: 1
      Content-Type: text/plain; charset=us-ascii
      Content-Transfer-Encoding: 7bit
      Date: Fri, 20 Apr 2001 20:16:13 -0400
      To: ppp@zzz.org
      From: barry@digicool.com (Barry A. Warsaw)
      Subject: [Ppp] testing #1
      Precedence: bulk
      
      
      hello
      
      
    
    
    text/plain:
      
      Message: 2
      Date: Fri, 20 Apr 2001 20:16:21 -0400
      Content-Type: text/plain; charset=us-ascii
      Content-Transfer-Encoding: 7bit
      To: ppp@zzz.org
      From: barry@digicool.com (Barry A. Warsaw)
      Precedence: bulk
      
      
      hello
      
      
    
    
    text/plain:
      
      Message: 3
      Date: Fri, 20 Apr 2001 20:16:25 -0400
      Content-Type: text/plain; charset=us-ascii
      Content-Transfer-Encoding: 7bit
      To: ppp@zzz.org
      From: barry@digicool.com (Barry A. Warsaw)
      Subject: [Ppp] testing #3
      Precedence: bulk
      
      
      hello
      
      
    
    
    text/plain:
      
      Message: 4
      Date: Fri, 20 Apr 2001 20:16:28 -0400
      Content-Type: text/plain; charset=us-ascii
      Content-Transfer-Encoding: 7bit
      To: ppp@zzz.org
      From: barry@digicool.com (Barry A. Warsaw)
      Subject: [Ppp] testing #4
      Precedence: bulk
      
      
      hello
      
      
    
    
    text/plain:
      
      Message: 5
      Date: Fri, 20 Apr 2001 20:16:32 -0400
      Content-Type: text/plain; charset=us-ascii
      Content-Transfer-Encoding: 7bit
      To: ppp@zzz.org
      From: barry@digicool.com (Barry A. Warsaw)
      Subject: [Ppp] testing #5
      Precedence: bulk
      
      
      hello
      
      
      
      
    
    
  
  text/plain:
    _______________________________________________
    Ppp mailing list
    Ppp@zzz.org
    http://www.zzz.org/mailman/listinfo/ppp
    
    
  
  
