From [NameAddr {nameAddr_name = Nothing, nameAddr_addr = "aperson@dom.ain"}]
OptionalField "MIME-Version" " 1.0"
ContentType (MimeType {mimeType = "multipart", mimeSubtype = "digest", mimeParams = fromList [("boundary","BOUNDARY")]})

MultipartMixed:
  message/rfc822: (binary)
  
  message/rfc822: (binary)
  
