ReturnPath "<bbb@zzz.org>"
OptionalField "Delivered-To" " bbb@zzz.org"
Received ([("by","mail.zzz.org"),("id","27CEAD38CC")],CalendarTime {ctYear = 2001, ctMonth = May, ctDay = 4, ctHour = 14, ctMin = 5, ctSec = 44, ctPicosec = 0, ctWDay = Friday, ctYDay = 0, ctTZName = "", ctTZ = -14400, ctIsDST = False})
OptionalField "MIME-Version" " 1.0"
OptionalField "Content-Type" " text/plain; charset=us-ascii; title*0*=\"us-ascii'en'This%20is%20even%20more%20\"; title*1*=\"%2A%2A%2Afun%2A%2A%2A%20\"; title*2=\"isn't it!\""
ContentTransferEncoding EightBit
MessageID (MsgID {getMsgID = "15090.61304.110929.45684@aaa.zzz.org"})
From [NameAddr {nameAddr_name = Nothing, nameAddr_addr = "bbb@ddd.com"}]
To [NameAddr {nameAddr_name = Nothing, nameAddr_addr = "bbb@zzz.org"}]
Subject "This is a test message"
Date (CalendarTime {ctYear = 2001, ctMonth = May, ctDay = 4, ctHour = 14, ctMin = 5, ctSec = 44, ctPicosec = 0, ctWDay = Friday, ctYDay = 0, ctTZName = "", ctTZ = -14400, ctIsDST = False})

text/plain:
  
  Hi,
  
  Do you like this message?
  
  -Me

