OptionalField "Delivered-To" " freebsd-isp@freebsd.org"
Date (CalendarTime {ctYear = 2000, ctMonth = September, ctDay = 27, ctHour = 11, ctMin = 11, ctSec = 9, ctPicosec = 0, ctWDay = Wednesday, ctYDay = 0, ctTZName = "", ctTZ = -18000, ctIsDST = False})
From [NameAddr {nameAddr_name = Just "Anne Person", nameAddr_addr = "aperson@example.com"}]
To [NameAddr {nameAddr_name = Just "Barney Dude", nameAddr_addr = "bdude@example.com"}]
Subject "Re: Limiting Perl CPU Utilization..."
OptionalField "Mime-Version" " 1.0"
OptionalField "Content-Type" " multipart/signed; micalg*=ansi-x3.4-1968''pgp-md5; protocol*=ansi-x3.4-1968''application%2Fpgp-signature; boundary*=\"ansi-x3.4-1968''EeQfGwPcQSOJBaQU\""
ContentDisposition inline
Sender (NameAddr {nameAddr_name = Nothing, nameAddr_addr = "owner-freebsd-isp@FreeBSD.ORG"})
OptionalField "Precedence" " bulk"
OptionalField "X-Loop" " FreeBSD.org"

text/plain:
  
  --EeQfGwPcQSOJBaQU
  Content-Type: text/plain; charset*=ansi-x3.4-1968''us-ascii
  Content-Disposition: inline
  Content-Transfer-Encoding: quoted-printable
  
  part 1
  
  --EeQfGwPcQSOJBaQU
  Content-Type: text/plain
  Content-Disposition: inline
  
  part 2
  
  --EeQfGwPcQSOJBaQU--

